vlib/v/checker/tests/import_symbol_type_err.v:1:17: error: module `crypto` has no public type `Coin{}`
    1 | import crypto { Coin }
      |                 ~~~~
    2 | fn main() {
    3 |   println(Coin{})
vlib/v/checker/tests/import_symbol_type_err.v:3:11: error: unknown struct: Coin
    1 | import crypto { Coin }
    2 | fn main() {
    3 |   println(Coin{})
      |           ~~~~~~
    4 | }
