vlib/v/checker/tests/import_symbol_empty.v:1:12: error: empty `os` import set, remove `{}`
    1 | import os {}
      |            ^
