vlib/v/checker/tests/incorrect_name_interface_method.v:2:5: error: method name `_speak` cannot start with `_`
    1 | interface MyInterface {
    2 |     _speak()
      |     ~~~~~~~~
    3 | }