vlib/v/checker/tests/incorrect_name_interface.v:1:1: error: interface name `_MyInterface` must begin with capital letter
    1 | interface _MyInterface {}
      | ~~~~~~~~~