vlib/v/checker/tests/unknown_var_assign.v:2:5: error: undefined ident: `x` (use `:=` to assign a variable)
    1 | fn main() {
    2 |     x = 'hello v'
      |     ^
    3 | }
