vlib/v/checker/tests/void_optional_err.v:1:16: error: use `?` instead of `?void`
    1 | fn ret_void() ?void {
      |                ~~~~
    2 |     return error('error')
    3 | }
