vlib/v/parser/tests/fn_type_only_args_in_interfaces.v:22:1: error: `syntax_error` evaluated but not used 
   20 | }
   21 | 
   22 | syntax_error
      | ~~~~~~~~~~~~
