vlib/v/vet/tests/array_init_one_val.v:2: Use `var == value` instead of `var in [value]`
NB: You can run `v fmt -w file.v` to fix these automatically
