vlib/v/vet/tests/parens_space_b.v:1: Looks like you are adding a space before `)`
NB: You can run `v fmt -w file.v` to fix these automatically
