================ V panic ================
   module: main
 function: buggy_function()
  message: panicing...
     file: vlib/v/tests/inout/panic_with_cg.v
     line: 3
